
> frontend@0.1.0 build
> next build

▲ Next.js 16.2.4 (Turbopack)
- Environments: .env

  Creating an optimized production build ...
Turbopack build encountered 7 warnings:
[next]/internal/font/google/3fede7ca1a30d5a6-s.woff2
Error while requesting resource
Received response with status 404 when requesting https://fonts.gstatic.com/s/inter/v20/UcCB3FwrK3iLTeHuS_nVMrMxCp50SjIw2boKoduKmMEVuLyfU5NJeWUdIOjBeTGiXZdOD2MVsiEuQPQ.woff2


[next]/internal/font/google/5a6fe55efffa8457-s.woff2
Error while requesting resource
Received response with status 404 when requesting https://fonts.gstatic.com/s/inter/v20/UcCB3FwrK3iLTeHuS_nVMrMxCp50SjIw2boKoduKmMEVuLyfU5NJeWUdIOjBeTGiXZdDD2MVsiEuQPQ.woff2


[next]/internal/font/google/7c189db8ee0b829b-s.woff2
Error while requesting resource
Received response with status 404 when requesting https://fonts.gstatic.com/s/inter/v20/UcCB3FwrK3iLTeHuS_nVMrMxCp50SjIw2boKoduKmMEVuLyfU5NJeWUdIOjBeTGiXZdCD2MVsiEuQPQ.woff2


[next]/internal/font/google/85b1ed0c8d8eb4e0-s.woff2
Error while requesting resource
Received response with status 404 when requesting https://fonts.gstatic.com/s/inter/v20/UcCB3FwrK3iLTeHuS_nVMrMxCp50SjIw2boKoduKmMEVuLyfU5NJeWUdIOjBeTGiXZdAD2MVsiEuQPQ.woff2


[next]/internal/font/google/95c4643b1e59dac3-s.woff2
Error while requesting resource
Received response with status 404 when requesting https://fonts.gstatic.com/s/inter/v20/UcCB3FwrK3iLTeHuS_nVMrMxCp50SjIw2boKoduKmMEVuLyfU5NJeWUdIOjBeTGiXZdBD2MVsiEuQPQ.woff2


[next]/internal/font/google/9b07d5acbd4ca75d-s.p.woff2
Error while requesting resource
Received response with status 404 when requesting https://fonts.gstatic.com/s/inter/v20/UcCB3FwrK3iLTeHuS_nVMrMxCp50SjIw2boKoduKmMEVuLyfU5NJeWUdIOjBeTGiXZdND2MVsiEu.woff2


[next]/internal/font/google/c277b7159f98ce55-s.woff2
Error while requesting resource
Received response with status 404 when requesting https://fonts.gstatic.com/s/inter/v20/UcCB3FwrK3iLTeHuS_nVMrMxCp50SjIw2boKoduKmMEVuLyfU5NJeWUdIOjBeTGiXZdJD2MVsiEuQPQ.woff2



> Build error occurred
Error: Turbopack build failed with 28 errors:
[next]/internal/font/google/inter_1ec0685a.module.css:7:8
Module not found: Can't resolve '@vercel/turbopack-next/internal/font/google/font'
  [90m 5 |[0m   font-weight: [35m400[0m;
  [90m 6 |[0m   font-display: swap;
[31m[1m>[0m [90m 7 |[0m   src: url(@vercel/turbopack-next/internal/font/google/font?{%[35m22[0murl%[35m22[0m:%[35m22[0mhttps:[90m//fonts.gs...[0m
  [90m   |[0m        [31m[1m^[0m
  [90m 8 |[0m   unicode-range: [33mU[0m+[35m0460[0m-[35m052[0m[33mF[0m, [33mU[0m+[35m1[0m[33mC80[0m-[35m1[0m[33mC8A[0m, [33mU[0m+[35m20[0m[33mB4[0m, [33mU[0m+[35m2[0m[33mDE0[0m-[35m2[0m[33mDFF[0m, [33mU[0m+[33mA640[0m-[33mA69F[0m, [33mU[0m+[33mFE2E[0m-[33mFE2F[0m;
  [90m 9 |[0m }
  [90m10 |[0m [90m/* cyrillic */[0m

Import map: Resolved by import map


Import trace:
  Server Component:
    [next]/internal/font/google/inter_1ec0685a.module.css
    [next]/internal/font/google/inter_1ec0685a.js
    ./app/(site)/layout.tsx

https://nextjs.org/docs/messages/module-not-found


[next]/internal/font/google/inter_1ec0685a.module.css:16:8
Module not found: Can't resolve '@vercel/turbopack-next/internal/font/google/font'
  [90m14 |[0m   font-weight: [35m400[0m;
  [90m15 |[0m   font-display: swap;
[31m[1m>[0m [90m16 |[0m   src: url(@vercel/turbopack-next/internal/font/google/font?{%[35m22[0murl%[35m22[0m:%[35m22[0mhttps:[90m//fonts.gs...[0m
  [90m   |[0m        [31m[1m^[0m
  [90m17 |[0m   unicode-range: [33mU[0m+[35m0301[0m, [33mU[0m+[35m0400[0m-[35m045[0m[33mF[0m, [33mU[0m+[35m0490[0m-[35m0491[0m, [33mU[0m+[35m04[0m[33mB0[0m-[35m04[0m[33mB1[0m, [33mU[0m+[35m2116[0m;
  [90m18 |[0m }
  [90m19 |[0m [90m/* greek-ext */[0m

Import map: Resolved by import map


Import trace:
  Server Component:
    [next]/internal/font/google/inter_1ec0685a.module.css
    [next]/internal/font/google/inter_1ec0685a.js
    ./app/(site)/layout.tsx

https://nextjs.org/docs/messages/module-not-found


[next]/internal/font/google/inter_1ec0685a.module.css:25:8
Module not found: Can't resolve '@vercel/turbopack-next/internal/font/google/font'
  [90m23 |[0m   font-weight: [35m400[0m;
  [90m24 |[0m   font-display: swap;
[31m[1m>[0m [90m25 |[0m   src: url(@vercel/turbopack-next/internal/font/google/font?{%[35m22[0murl%[35m22[0m:%[35m22[0mhttps:[90m//fonts.gs...[0m
  [90m   |[0m        [31m[1m^[0m
  [90m26 |[0m   unicode-range: [33mU[0m+[35m1[0m[33mF00[0m-[35m1[0m[33mFFF[0m;
  [90m27 |[0m }
  [90m28 |[0m [90m/* greek */[0m

Import map: Resolved by import map


Import trace:
  Server Component:
    [next]/internal/font/google/inter_1ec0685a.module.css
    [next]/internal/font/google/inter_1ec0685a.js
    ./app/(site)/layout.tsx

https://nextjs.org/docs/messages/module-not-found


[next]/internal/font/google/inter_1ec0685a.module.css:34:8
Module not found: Can't resolve '@vercel/turbopack-next/internal/font/google/font'
  [90m32 |[0m   font-weight: [35m400[0m;
  [90m33 |[0m   font-display: swap;
[31m[1m>[0m [90m34 |[0m   src: url(@vercel/turbopack-next/internal/font/google/font?{%[35m22[0murl%[35m22[0m:%[35m22[0mhttps:[90m//fonts.gs...[0m
  [90m   |[0m        [31m[1m^[0m
  [90m35 |[0m   unicode-range: [33mU[0m+[35m0370[0m-[35m0377[0m, [33mU[0m+[35m037[0m[33mA[0m-[35m037[0m[33mF[0m, [33mU[0m+[35m0384[0m-[35m038[0m[33mA[0m, [33mU[0m+[35m038[0m[33mC[0m, [33mU[0m+[35m038E-03[0m[33mA1[0m, [33mU[0m+[35m03[0m[33mA3[0m-[35m03[0m[33mFF[0m;
  [90m36 |[0m }
  [90m37 |[0m [90m/* vietnamese */[0m

Import map: Resolved by import map


Import trace:
  Server Component:
    [next]/internal/font/google/inter_1ec0685a.module.css
    [next]/internal/font/google/inter_1ec0685a.js
    ./app/(site)/layout.tsx

https://nextjs.org/docs/messages/module-not-found


[next]/internal/font/google/inter_1ec0685a.module.css:43:8
Module not found: Can't resolve '@vercel/turbopack-next/internal/font/google/font'
  [90m41 |[0m   font-weight: [35m400[0m;
  [90m42 |[0m   font-display: swap;
[31m[1m>[0m [90m43 |[0m   src: url(@vercel/turbopack-next/internal/font/google/font?{%[35m22[0murl%[35m22[0m:%[35m22[0mhttps:[90m//fonts.gs...[0m
  [90m   |[0m        [31m[1m^[0m
  [90m44 |[0m   unicode-range: [33mU[0m+[35m0102[0m-[35m0103[0m, [33mU[0m+[35m0110[0m-[35m0111[0m, [33mU[0m+[35m0128[0m-[35m0129[0m, [33mU[0m+[35m0168[0m-[35m0169[0m, [33mU[0m+[35m01[0m[33mA0[0m-[35m01[0m[33mA1[0m, [33mU[0m+[35m01[0m[33mAF[0m-[35m0.[0m[33m..[0m
  [90m45 |[0m }
  [90m46 |[0m [90m/* latin-ext */[0m

Import map: Resolved by import map


Import trace:
  Server Component:
    [next]/internal/font/google/inter_1ec0685a.module.css
    [next]/internal/font/google/inter_1ec0685a.js
    ./app/(site)/layout.tsx

https://nextjs.org/docs/messages/module-not-found


[next]/internal/font/google/inter_1ec0685a.module.css:52:8
Module not found: Can't resolve '@vercel/turbopack-next/internal/font/google/font'
  [90m50 |[0m   font-weight: [35m400[0m;
  [90m51 |[0m   font-display: swap;
[31m[1m>[0m [90m52 |[0m   src: url(@vercel/turbopack-next/internal/font/google/font?{%[35m22[0murl%[35m22[0m:%[35m22[0mhttps:[90m//fonts.gs...[0m
  [90m   |[0m        [31m[1m^[0m
  [90m53 |[0m   unicode-range: [33mU[0m+[35m0100[0m-[35m02[0m[33mBA[0m, [33mU[0m+[35m02[0m[33mBD[0m-[35m02[0m[33mC5[0m, [33mU[0m+[35m02[0m[33mC7[0m-[35m02[0m[33mCC[0m, [33mU[0m+[35m02[0m[33mCE[0m-[35m02[0m[33mD7[0m, [33mU[0m+[35m02[0m[33mDD[0m-[35m02[0m[33mFF[0m, [33mU[0m+[35m0304[0m, [33m.[0m.[35m.[0m
  [90m54 |[0m }
  [90m55 |[0m [90m/* latin */[0m

Import map: Resolved by import map


Import trace:
  Server Component:
    [next]/internal/font/google/inter_1ec0685a.module.css
    [next]/internal/font/google/inter_1ec0685a.js
    ./app/(site)/layout.tsx

https://nextjs.org/docs/messages/module-not-found


[next]/internal/font/google/inter_1ec0685a.module.css:61:8
Module not found: Can't resolve '@vercel/turbopack-next/internal/font/google/font'
  [90m59 |[0m   font-weight: [35m400[0m;
  [90m60 |[0m   font-display: swap;
[31m[1m>[0m [90m61 |[0m   src: url(@vercel/turbopack-next/internal/font/google/font?{%[35m22[0murl%[35m22[0m:%[35m22[0mhttps:[90m//fonts.gs...[0m
  [90m   |[0m        [31m[1m^[0m
  [90m62 |[0m   unicode-range: [33mU[0m+[35m0000[0m-[35m00[0m[33mFF[0m, [33mU[0m+[35m0131[0m, [33mU[0m+[35m0152[0m-[35m0153[0m, [33mU[0m+[35m02[0m[33mBB[0m-[35m02[0m[33mBC[0m, [33mU[0m+[35m02[0m[33mC6[0m, [33mU[0m+[35m02[0m[33mDA[0m, [33mU[0m+[35m02[0m[33mDC[0m, [33mU[0m+[35m...[0m
  [90m63 |[0m }
  [90m64 |[0m [90m/* cyrillic-ext */[0m

Import map: Resolved by import map


Import trace:
  Server Component:
    [next]/internal/font/google/inter_1ec0685a.module.css
    [next]/internal/font/google/inter_1ec0685a.js
    ./app/(site)/layout.tsx

https://nextjs.org/docs/messages/module-not-found


[next]/internal/font/google/inter_1ec0685a.module.css:70:8
Module not found: Can't resolve '@vercel/turbopack-next/internal/font/google/font'
  [90m68 |[0m   font-weight: [35m500[0m;
  [90m69 |[0m   font-display: swap;
[31m[1m>[0m [90m70 |[0m   src: url(@vercel/turbopack-next/internal/font/google/font?{%[35m22[0murl%[35m22[0m:%[35m22[0mhttps:[90m//fonts.gs...[0m
  [90m   |[0m        [31m[1m^[0m
  [90m71 |[0m   unicode-range: [33mU[0m+[35m0460[0m-[35m052[0m[33mF[0m, [33mU[0m+[35m1[0m[33mC80[0m-[35m1[0m[33mC8A[0m, [33mU[0m+[35m20[0m[33mB4[0m, [33mU[0m+[35m2[0m[33mDE0[0m-[35m2[0m[33mDFF[0m, [33mU[0m+[33mA640[0m-[33mA69F[0m, [33mU[0m+[33mFE2E[0m-[33mFE2F[0m;
  [90m72 |[0m }
  [90m73 |[0m [90m/* cyrillic */[0m

Import map: Resolved by import map


Import trace:
  Server Component:
    [next]/internal/font/google/inter_1ec0685a.module.css
    [next]/internal/font/google/inter_1ec0685a.js
    ./app/(site)/layout.tsx

https://nextjs.org/docs/messages/module-not-found


[next]/internal/font/google/inter_1ec0685a.module.css:79:8
Module not found: Can't resolve '@vercel/turbopack-next/internal/font/google/font'
  [90m77 |[0m   font-weight: [35m500[0m;
  [90m78 |[0m   font-display: swap;
[31m[1m>[0m [90m79 |[0m   src: url(@vercel/turbopack-next/internal/font/google/font?{%[35m22[0murl%[35m22[0m:%[35m22[0mhttps:[90m//fonts.gs...[0m
  [90m   |[0m        [31m[1m^[0m
  [90m80 |[0m   unicode-range: [33mU[0m+[35m0301[0m, [33mU[0m+[35m0400[0m-[35m045[0m[33mF[0m, [33mU[0m+[35m0490[0m-[35m0491[0m, [33mU[0m+[35m04[0m[33mB0[0m-[35m04[0m[33mB1[0m, [33mU[0m+[35m2116[0m;
  [90m81 |[0m }
  [90m82 |[0m [90m/* greek-ext */[0m

Import map: Resolved by import map


Import trace:
  Server Component:
    [next]/internal/font/google/inter_1ec0685a.module.css
    [next]/internal/font/google/inter_1ec0685a.js
    ./app/(site)/layout.tsx

https://nextjs.org/docs/messages/module-not-found


[next]/internal/font/google/inter_1ec0685a.module.css:88:8
Module not found: Can't resolve '@vercel/turbopack-next/internal/font/google/font'
  [90m86 |[0m   font-weight: [35m500[0m;
  [90m87 |[0m   font-display: swap;
[31m[1m>[0m [90m88 |[0m   src: url(@vercel/turbopack-next/internal/font/google/font?{%[35m22[0murl%[35m22[0m:%[35m22[0mhttps:[90m//fonts.gs...[0m
  [90m   |[0m        [31m[1m^[0m
  [90m89 |[0m   unicode-range: [33mU[0m+[35m1[0m[33mF00[0m-[35m1[0m[33mFFF[0m;
  [90m90 |[0m }
  [90m91 |[0m [90m/* greek */[0m

Import map: Resolved by import map


Import trace:
  Server Component:
    [next]/internal/font/google/inter_1ec0685a.module.css
    [next]/internal/font/google/inter_1ec0685a.js
    ./app/(site)/layout.tsx

https://nextjs.org/docs/messages/module-not-found


[next]/internal/font/google/inter_1ec0685a.module.css:97:8
Module not found: Can't resolve '@vercel/turbopack-next/internal/font/google/font'
  [90m 95 |[0m   font-weight: [35m500[0m;
  [90m 96 |[0m   font-display: swap;
[31m[1m>[0m [90m 97 |[0m   src: url(@vercel/turbopack-next/internal/font/google/font?{%[35m22[0murl%[35m22[0m:%[35m22[0mhttps:[90m//fonts.g...[0m
  [90m    |[0m        [31m[1m^[0m
  [90m 98 |[0m   unicode-range: [33mU[0m+[35m0370[0m-[35m0377[0m, [33mU[0m+[35m037[0m[33mA[0m-[35m037[0m[33mF[0m, [33mU[0m+[35m0384[0m-[35m038[0m[33mA[0m, [33mU[0m+[35m038[0m[33mC[0m, [33mU[0m+[35m038E-03[0m[33mA1[0m, [33mU[0m+[35m03[0m[33mA3[0m-[35m03[0m[33mFF[0m;
  [90m 99 |[0m }
  [90m100 |[0m [90m/* vietnamese */[0m

Import map: Resolved by import map


Import trace:
  Server Component:
    [next]/internal/font/google/inter_1ec0685a.module.css
    [next]/internal/font/google/inter_1ec0685a.js
    ./app/(site)/layout.tsx

https://nextjs.org/docs/messages/module-not-found


[next]/internal/font/google/inter_1ec0685a.module.css:106:8
Module not found: Can't resolve '@vercel/turbopack-next/internal/font/google/font'
  [90m104 |[0m   font-weight: [35m500[0m;
  [90m105 |[0m   font-display: swap;
[31m[1m>[0m [90m106 |[0m   src: url(@vercel/turbopack-next/internal/font/google/font?{%[35m22[0murl%[35m22[0m:%[35m22[0mhttps:[90m//fonts.g...[0m
  [90m    |[0m        [31m[1m^[0m
  [90m107 |[0m   unicode-range: [33mU[0m+[35m0102[0m-[35m0103[0m, [33mU[0m+[35m0110[0m-[35m0111[0m, [33mU[0m+[35m0128[0m-[35m0129[0m, [33mU[0m+[35m0168[0m-[35m0169[0m, [33mU[0m+[35m01[0m[33mA0[0m-[35m01[0m[33mA1[0m, [33mU[0m+[35m01[0m[33mAF[0m-[35m..[0m[33m.[0m
  [90m108 |[0m }
  [90m109 |[0m [90m/* latin-ext */[0m

Import map: Resolved by import map


Import trace:
  Server Component:
    [next]/internal/font/google/inter_1ec0685a.module.css
    [next]/internal/font/google/inter_1ec0685a.js
    ./app/(site)/layout.tsx

https://nextjs.org/docs/messages/module-not-found


[next]/internal/font/google/inter_1ec0685a.module.css:115:8
Module not found: Can't resolve '@vercel/turbopack-next/internal/font/google/font'
  [90m113 |[0m   font-weight: [35m500[0m;
  [90m114 |[0m   font-display: swap;
[31m[1m>[0m [90m115 |[0m   src: url(@vercel/turbopack-next/internal/font/google/font?{%[35m22[0murl%[35m22[0m:%[35m22[0mhttps:[90m//fonts.g...[0m
  [90m    |[0m        [31m[1m^[0m
  [90m116 |[0m   unicode-range: [33mU[0m+[35m0100[0m-[35m02[0m[33mBA[0m, [33mU[0m+[35m02[0m[33mBD[0m-[35m02[0m[33mC5[0m, [33mU[0m+[35m02[0m[33mC7[0m-[35m02[0m[33mCC[0m, [33mU[0m+[35m02[0m[33mCE[0m-[35m02[0m[33mD7[0m, [33mU[0m+[35m02[0m[33mDD[0m-[35m02[0m[33mFF[0m, [33mU[0m+[35m0304[0m,.[33m.[0m.
  [90m117 |[0m }
  [90m118 |[0m [90m/* latin */[0m

Import map: Resolved by import map


Import trace:
  Server Component:
    [next]/internal/font/google/inter_1ec0685a.module.css
    [next]/internal/font/google/inter_1ec0685a.js
    ./app/(site)/layout.tsx

https://nextjs.org/docs/messages/module-not-found


[next]/internal/font/google/inter_1ec0685a.module.css:124:8
Module not found: Can't resolve '@vercel/turbopack-next/internal/font/google/font'
  [90m122 |[0m   font-weight: [35m500[0m;
  [90m123 |[0m   font-display: swap;
[31m[1m>[0m [90m124 |[0m   src: url(@vercel/turbopack-next/internal/font/google/font?{%[35m22[0murl%[35m22[0m:%[35m22[0mhttps:[90m//fonts.g...[0m
  [90m    |[0m        [31m[1m^[0m
  [90m125 |[0m   unicode-range: [33mU[0m+[35m0000[0m-[35m00[0m[33mFF[0m, [33mU[0m+[35m0131[0m, [33mU[0m+[35m0152[0m-[35m0153[0m, [33mU[0m+[35m02[0m[33mBB[0m-[35m02[0m[33mBC[0m, [33mU[0m+[35m02[0m[33mC6[0m, [33mU[0m+[35m02[0m[33mDA[0m, [33mU[0m+[35m02[0m[33mDC[0m, [33mU[0m.[35m..[0m
  [90m126 |[0m }
  [90m127 |[0m [90m/* cyrillic-ext */[0m

Import map: Resolved by import map


Import trace:
  Server Component:
    [next]/internal/font/google/inter_1ec0685a.module.css
    [next]/internal/font/google/inter_1ec0685a.js
    ./app/(site)/layout.tsx

https://nextjs.org/docs/messages/module-not-found


[next]/internal/font/google/inter_1ec0685a.module.css:133:8
Module not found: Can't resolve '@vercel/turbopack-next/internal/font/google/font'
  [90m131 |[0m   font-weight: [35m600[0m;
  [90m132 |[0m   font-display: swap;
[31m[1m>[0m [90m133 |[0m   src: url(@vercel/turbopack-next/internal/font/google/font?{%[35m22[0murl%[35m22[0m:%[35m22[0mhttps:[90m//fonts.g...[0m
  [90m    |[0m        [31m[1m^[0m
  [90m134 |[0m   unicode-range: [33mU[0m+[35m0460[0m-[35m052[0m[33mF[0m, [33mU[0m+[35m1[0m[33mC80[0m-[35m1[0m[33mC8A[0m, [33mU[0m+[35m20[0m[33mB4[0m, [33mU[0m+[35m2[0m[33mDE0[0m-[35m2[0m[33mDFF[0m, [33mU[0m+[33mA640[0m-[33mA69F[0m, [33mU[0m+[33mFE2E[0m-[33mFE2F[0m;
  [90m135 |[0m }
  [90m136 |[0m [90m/* cyrillic */[0m

Import map: Resolved by import map


Import trace:
  Server Component:
    [next]/internal/font/google/inter_1ec0685a.module.css
    [next]/internal/font/google/inter_1ec0685a.js
    ./app/(site)/layout.tsx

https://nextjs.org/docs/messages/module-not-found


[next]/internal/font/google/inter_1ec0685a.module.css:142:8
Module not found: Can't resolve '@vercel/turbopack-next/internal/font/google/font'
  [90m140 |[0m   font-weight: [35m600[0m;
  [90m141 |[0m   font-display: swap;
[31m[1m>[0m [90m142 |[0m   src: url(@vercel/turbopack-next/internal/font/google/font?{%[35m22[0murl%[35m22[0m:%[35m22[0mhttps:[90m//fonts.g...[0m
  [90m    |[0m        [31m[1m^[0m
  [90m143 |[0m   unicode-range: [33mU[0m+[35m0301[0m, [33mU[0m+[35m0400[0m-[35m045[0m[33mF[0m, [33mU[0m+[35m0490[0m-[35m0491[0m, [33mU[0m+[35m04[0m[33mB0[0m-[35m04[0m[33mB1[0m, [33mU[0m+[35m2116[0m;
  [90m144 |[0m }
  [90m145 |[0m [90m/* greek-ext */[0m

Import map: Resolved by import map


Import trace:
  Server Component:
    [next]/internal/font/google/inter_1ec0685a.module.css
    [next]/internal/font/google/inter_1ec0685a.js
    ./app/(site)/layout.tsx

https://nextjs.org/docs/messages/module-not-found


[next]/internal/font/google/inter_1ec0685a.module.css:151:8
Module not found: Can't resolve '@vercel/turbopack-next/internal/font/google/font'
  [90m149 |[0m   font-weight: [35m600[0m;
  [90m150 |[0m   font-display: swap;
[31m[1m>[0m [90m151 |[0m   src: url(@vercel/turbopack-next/internal/font/google/font?{%[35m22[0murl%[35m22[0m:%[35m22[0mhttps:[90m//fonts.g...[0m
  [90m    |[0m        [31m[1m^[0m
  [90m152 |[0m   unicode-range: [33mU[0m+[35m1[0m[33mF00[0m-[35m1[0m[33mFFF[0m;
  [90m153 |[0m }
  [90m154 |[0m [90m/* greek */[0m

Import map: Resolved by import map


Import trace:
  Server Component:
    [next]/internal/font/google/inter_1ec0685a.module.css
    [next]/internal/font/google/inter_1ec0685a.js
    ./app/(site)/layout.tsx

https://nextjs.org/docs/messages/module-not-found


[next]/internal/font/google/inter_1ec0685a.module.css:160:8
Module not found: Can't resolve '@vercel/turbopack-next/internal/font/google/font'
  [90m158 |[0m   font-weight: [35m600[0m;
  [90m159 |[0m   font-display: swap;
[31m[1m>[0m [90m160 |[0m   src: url(@vercel/turbopack-next/internal/font/google/font?{%[35m22[0murl%[35m22[0m:%[35m22[0mhttps:[90m//fonts.g...[0m
  [90m    |[0m        [31m[1m^[0m
  [90m161 |[0m   unicode-range: [33mU[0m+[35m0370[0m-[35m0377[0m, [33mU[0m+[35m037[0m[33mA[0m-[35m037[0m[33mF[0m, [33mU[0m+[35m0384[0m-[35m038[0m[33mA[0m, [33mU[0m+[35m038[0m[33mC[0m, [33mU[0m+[35m038E-03[0m[33mA1[0m, [33mU[0m+[35m03[0m[33mA3[0m-[35m03[0m[33mFF[0m;
  [90m162 |[0m }
  [90m163 |[0m [90m/* vietnamese */[0m

Import map: Resolved by import map


Import trace:
  Server Component:
    [next]/internal/font/google/inter_1ec0685a.module.css
    [next]/internal/font/google/inter_1ec0685a.js
    ./app/(site)/layout.tsx

https://nextjs.org/docs/messages/module-not-found


[next]/internal/font/google/inter_1ec0685a.module.css:169:8
Module not found: Can't resolve '@vercel/turbopack-next/internal/font/google/font'
  [90m167 |[0m   font-weight: [35m600[0m;
  [90m168 |[0m   font-display: swap;
[31m[1m>[0m [90m169 |[0m   src: url(@vercel/turbopack-next/internal/font/google/font?{%[35m22[0murl%[35m22[0m:%[35m22[0mhttps:[90m//fonts.g...[0m
  [90m    |[0m        [31m[1m^[0m
  [90m170 |[0m   unicode-range: [33mU[0m+[35m0102[0m-[35m0103[0m, [33mU[0m+[35m0110[0m-[35m0111[0m, [33mU[0m+[35m0128[0m-[35m0129[0m, [33mU[0m+[35m0168[0m-[35m0169[0m, [33mU[0m+[35m01[0m[33mA0[0m-[35m01[0m[33mA1[0m, [33mU[0m+[35m01[0m[33mAF[0m-[35m..[0m[33m.[0m
  [90m171 |[0m }
  [90m172 |[0m [90m/* latin-ext */[0m

Import map: Resolved by import map


Import trace:
  Server Component:
    [next]/internal/font/google/inter_1ec0685a.module.css
    [next]/internal/font/google/inter_1ec0685a.js
    ./app/(site)/layout.tsx

https://nextjs.org/docs/messages/module-not-found


[next]/internal/font/google/inter_1ec0685a.module.css:178:8
Module not found: Can't resolve '@vercel/turbopack-next/internal/font/google/font'
  [90m176 |[0m   font-weight: [35m600[0m;
  [90m177 |[0m   font-display: swap;
[31m[1m>[0m [90m178 |[0m   src: url(@vercel/turbopack-next/internal/font/google/font?{%[35m22[0murl%[35m22[0m:%[35m22[0mhttps:[90m//fonts.g...[0m
  [90m    |[0m        [31m[1m^[0m
  [90m179 |[0m   unicode-range: [33mU[0m+[35m0100[0m-[35m02[0m[33mBA[0m, [33mU[0m+[35m02[0m[33mBD[0m-[35m02[0m[33mC5[0m, [33mU[0m+[35m02[0m[33mC7[0m-[35m02[0m[33mCC[0m, [33mU[0m+[35m02[0m[33mCE[0m-[35m02[0m[33mD7[0m, [33mU[0m+[35m02[0m[33mDD[0m-[35m02[0m[33mFF[0m, [33mU[0m+[35m0304[0m,.[33m.[0m.
  [90m180 |[0m }
  [90m181 |[0m [90m/* latin */[0m

Import map: Resolved by import map


Import trace:
  Server Component:
    [next]/internal/font/google/inter_1ec0685a.module.css
    [next]/internal/font/google/inter_1ec0685a.js
    ./app/(site)/layout.tsx

https://nextjs.org/docs/messages/module-not-found


[next]/internal/font/google/inter_1ec0685a.module.css:187:8
Module not found: Can't resolve '@vercel/turbopack-next/internal/font/google/font'
  [90m185 |[0m   font-weight: [35m600[0m;
  [90m186 |[0m   font-display: swap;
[31m[1m>[0m [90m187 |[0m   src: url(@vercel/turbopack-next/internal/font/google/font?{%[35m22[0murl%[35m22[0m:%[35m22[0mhttps:[90m//fonts.g...[0m
  [90m    |[0m        [31m[1m^[0m
  [90m188 |[0m   unicode-range: [33mU[0m+[35m0000[0m-[35m00[0m[33mFF[0m, [33mU[0m+[35m0131[0m, [33mU[0m+[35m0152[0m-[35m0153[0m, [33mU[0m+[35m02[0m[33mBB[0m-[35m02[0m[33mBC[0m, [33mU[0m+[35m02[0m[33mC6[0m, [33mU[0m+[35m02[0m[33mDA[0m, [33mU[0m+[35m02[0m[33mDC[0m, [33mU[0m.[35m..[0m
  [90m189 |[0m }
  [90m190 |[0m [90m/* cyrillic-ext */[0m

Import map: Resolved by import map


Import trace:
  Server Component:
    [next]/internal/font/google/inter_1ec0685a.module.css
    [next]/internal/font/google/inter_1ec0685a.js
    ./app/(site)/layout.tsx

https://nextjs.org/docs/messages/module-not-found


[next]/internal/font/google/inter_1ec0685a.module.css:196:8
Module not found: Can't resolve '@vercel/turbopack-next/internal/font/google/font'
  [90m194 |[0m   font-weight: [35m700[0m;
  [90m195 |[0m   font-display: swap;
[31m[1m>[0m [90m196 |[0m   src: url(@vercel/turbopack-next/internal/font/google/font?{%[35m22[0murl%[35m22[0m:%[35m22[0mhttps:[90m//fonts.g...[0m
  [90m    |[0m        [31m[1m^[0m
  [90m197 |[0m   unicode-range: [33mU[0m+[35m0460[0m-[35m052[0m[33mF[0m, [33mU[0m+[35m1[0m[33mC80[0m-[35m1[0m[33mC8A[0m, [33mU[0m+[35m20[0m[33mB4[0m, [33mU[0m+[35m2[0m[33mDE0[0m-[35m2[0m[33mDFF[0m, [33mU[0m+[33mA640[0m-[33mA69F[0m, [33mU[0m+[33mFE2E[0m-[33mFE2F[0m;
  [90m198 |[0m }
  [90m199 |[0m [90m/* cyrillic */[0m

Import map: Resolved by import map


Import trace:
  Server Component:
    [next]/internal/font/google/inter_1ec0685a.module.css
    [next]/internal/font/google/inter_1ec0685a.js
    ./app/(site)/layout.tsx

https://nextjs.org/docs/messages/module-not-found


[next]/internal/font/google/inter_1ec0685a.module.css:205:8
Module not found: Can't resolve '@vercel/turbopack-next/internal/font/google/font'
  [90m203 |[0m   font-weight: [35m700[0m;
  [90m204 |[0m   font-display: swap;
[31m[1m>[0m [90m205 |[0m   src: url(@vercel/turbopack-next/internal/font/google/font?{%[35m22[0murl%[35m22[0m:%[35m22[0mhttps:[90m//fonts.g...[0m
  [90m    |[0m        [31m[1m^[0m
  [90m206 |[0m   unicode-range: [33mU[0m+[35m0301[0m, [33mU[0m+[35m0400[0m-[35m045[0m[33mF[0m, [33mU[0m+[35m0490[0m-[35m0491[0m, [33mU[0m+[35m04[0m[33mB0[0m-[35m04[0m[33mB1[0m, [33mU[0m+[35m2116[0m;
  [90m207 |[0m }
  [90m208 |[0m [90m/* greek-ext */[0m

Import map: Resolved by import map


Import trace:
  Server Component:
    [next]/internal/font/google/inter_1ec0685a.module.css
    [next]/internal/font/google/inter_1ec0685a.js
    ./app/(site)/layout.tsx

https://nextjs.org/docs/messages/module-not-found


[next]/internal/font/google/inter_1ec0685a.module.css:214:8
Module not found: Can't resolve '@vercel/turbopack-next/internal/font/google/font'
  [90m212 |[0m   font-weight: [35m700[0m;
  [90m213 |[0m   font-display: swap;
[31m[1m>[0m [90m214 |[0m   src: url(@vercel/turbopack-next/internal/font/google/font?{%[35m22[0murl%[35m22[0m:%[35m22[0mhttps:[90m//fonts.g...[0m
  [90m    |[0m        [31m[1m^[0m
  [90m215 |[0m   unicode-range: [33mU[0m+[35m1[0m[33mF00[0m-[35m1[0m[33mFFF[0m;
  [90m216 |[0m }
  [90m217 |[0m [90m/* greek */[0m

Import map: Resolved by import map


Import trace:
  Server Component:
    [next]/internal/font/google/inter_1ec0685a.module.css
    [next]/internal/font/google/inter_1ec0685a.js
    ./app/(site)/layout.tsx

https://nextjs.org/docs/messages/module-not-found


[next]/internal/font/google/inter_1ec0685a.module.css:223:8
Module not found: Can't resolve '@vercel/turbopack-next/internal/font/google/font'
  [90m221 |[0m   font-weight: [35m700[0m;
  [90m222 |[0m   font-display: swap;
[31m[1m>[0m [90m223 |[0m   src: url(@vercel/turbopack-next/internal/font/google/font?{%[35m22[0murl%[35m22[0m:%[35m22[0mhttps:[90m//fonts.g...[0m
  [90m    |[0m        [31m[1m^[0m
  [90m224 |[0m   unicode-range: [33mU[0m+[35m0370[0m-[35m0377[0m, [33mU[0m+[35m037[0m[33mA[0m-[35m037[0m[33mF[0m, [33mU[0m+[35m0384[0m-[35m038[0m[33mA[0m, [33mU[0m+[35m038[0m[33mC[0m, [33mU[0m+[35m038E-03[0m[33mA1[0m, [33mU[0m+[35m03[0m[33mA3[0m-[35m03[0m[33mFF[0m;
  [90m225 |[0m }
  [90m226 |[0m [90m/* vietnamese */[0m

Import map: Resolved by import map


Import trace:
  Server Component:
    [next]/internal/font/google/inter_1ec0685a.module.css
    [next]/internal/font/google/inter_1ec0685a.js
    ./app/(site)/layout.tsx

https://nextjs.org/docs/messages/module-not-found


[next]/internal/font/google/inter_1ec0685a.module.css:232:8
Module not found: Can't resolve '@vercel/turbopack-next/internal/font/google/font'
  [90m230 |[0m   font-weight: [35m700[0m;
  [90m231 |[0m   font-display: swap;
[31m[1m>[0m [90m232 |[0m   src: url(@vercel/turbopack-next/internal/font/google/font?{%[35m22[0murl%[35m22[0m:%[35m22[0mhttps:[90m//fonts.g...[0m
  [90m    |[0m        [31m[1m^[0m
  [90m233 |[0m   unicode-range: [33mU[0m+[35m0102[0m-[35m0103[0m, [33mU[0m+[35m0110[0m-[35m0111[0m, [33mU[0m+[35m0128[0m-[35m0129[0m, [33mU[0m+[35m0168[0m-[35m0169[0m, [33mU[0m+[35m01[0m[33mA0[0m-[35m01[0m[33mA1[0m, [33mU[0m+[35m01[0m[33mAF[0m-[35m..[0m[33m.[0m
  [90m234 |[0m }
  [90m235 |[0m [90m/* latin-ext */[0m

Import map: Resolved by import map


Import trace:
  Server Component:
    [next]/internal/font/google/inter_1ec0685a.module.css
    [next]/internal/font/google/inter_1ec0685a.js
    ./app/(site)/layout.tsx

https://nextjs.org/docs/messages/module-not-found


[next]/internal/font/google/inter_1ec0685a.module.css:241:8
Module not found: Can't resolve '@vercel/turbopack-next/internal/font/google/font'
  [90m239 |[0m   font-weight: [35m700[0m;
  [90m240 |[0m   font-display: swap;
[31m[1m>[0m [90m241 |[0m   src: url(@vercel/turbopack-next/internal/font/google/font?{%[35m22[0murl%[35m22[0m:%[35m22[0mhttps:[90m//fonts.g...[0m
  [90m    |[0m        [31m[1m^[0m
  [90m242 |[0m   unicode-range: [33mU[0m+[35m0100[0m-[35m02[0m[33mBA[0m, [33mU[0m+[35m02[0m[33mBD[0m-[35m02[0m[33mC5[0m, [33mU[0m+[35m02[0m[33mC7[0m-[35m02[0m[33mCC[0m, [33mU[0m+[35m02[0m[33mCE[0m-[35m02[0m[33mD7[0m, [33mU[0m+[35m02[0m[33mDD[0m-[35m02[0m[33mFF[0m, [33mU[0m+[35m0304[0m,.[33m.[0m.
  [90m243 |[0m }
  [90m244 |[0m [90m/* latin */[0m

Import map: Resolved by import map


Import trace:
  Server Component:
    [next]/internal/font/google/inter_1ec0685a.module.css
    [next]/internal/font/google/inter_1ec0685a.js
    ./app/(site)/layout.tsx

https://nextjs.org/docs/messages/module-not-found


[next]/internal/font/google/inter_1ec0685a.module.css:250:8
Module not found: Can't resolve '@vercel/turbopack-next/internal/font/google/font'
  [90m248 |[0m   font-weight: [35m700[0m;
  [90m249 |[0m   font-display: swap;
[31m[1m>[0m [90m250 |[0m   src: url(@vercel/turbopack-next/internal/font/google/font?{%[35m22[0murl%[35m22[0m:%[35m22[0mhttps:[90m//fonts.g...[0m
  [90m    |[0m        [31m[1m^[0m
  [90m251 |[0m   unicode-range: [33mU[0m+[35m0000[0m-[35m00[0m[33mFF[0m, [33mU[0m+[35m0131[0m, [33mU[0m+[35m0152[0m-[35m0153[0m, [33mU[0m+[35m02[0m[33mBB[0m-[35m02[0m[33mBC[0m, [33mU[0m+[35m02[0m[33mC6[0m, [33mU[0m+[35m02[0m[33mDA[0m, [33mU[0m+[35m02[0m[33mDC[0m, [33mU[0m.[35m..[0m
  [90m252 |[0m }
  [90m253 |[0m @font-face {

Import map: Resolved by import map


Import trace:
  Server Component:
    [next]/internal/font/google/inter_1ec0685a.module.css
    [next]/internal/font/google/inter_1ec0685a.js
    ./app/(site)/layout.tsx

https://nextjs.org/docs/messages/module-not-found


    at <unknown> ([next]/internal/font/google/inter_1ec0685a.module.css:7:8)
    at <unknown> (https://nextjs.org/docs/messages/module-not-found)
    at <unknown> ([next]/internal/font/google/inter_1ec0685a.module.css:16:8)
    at <unknown> (https://nextjs.org/docs/messages/module-not-found)
    at <unknown> ([next]/internal/font/google/inter_1ec0685a.module.css:25:8)
    at <unknown> (https://nextjs.org/docs/messages/module-not-found)
    at <unknown> ([next]/internal/font/google/inter_1ec0685a.module.css:34:8)
    at <unknown> (https://nextjs.org/docs/messages/module-not-found)
    at <unknown> ([next]/internal/font/google/inter_1ec0685a.module.css:43:8)
    at <unknown> (https://nextjs.org/docs/messages/module-not-found)
    at <unknown> ([next]/internal/font/google/inter_1ec0685a.module.css:52:8)
    at <unknown> (https://nextjs.org/docs/messages/module-not-found)
    at <unknown> ([next]/internal/font/google/inter_1ec0685a.module.css:61:8)
    at <unknown> (https://nextjs.org/docs/messages/module-not-found)
    at <unknown> ([next]/internal/font/google/inter_1ec0685a.module.css:70:8)
    at <unknown> (https://nextjs.org/docs/messages/module-not-found)
    at <unknown> ([next]/internal/font/google/inter_1ec0685a.module.css:79:8)
    at <unknown> (https://nextjs.org/docs/messages/module-not-found)
    at <unknown> ([next]/internal/font/google/inter_1ec0685a.module.css:88:8)
    at <unknown> (https://nextjs.org/docs/messages/module-not-found)
    at <unknown> ([next]/internal/font/google/inter_1ec0685a.module.css:97:8)
    at <unknown> (https://nextjs.org/docs/messages/module-not-found)
    at <unknown> ([next]/internal/font/google/inter_1ec0685a.module.css:106:8)
    at <unknown> (https://nextjs.org/docs/messages/module-not-found)
    at <unknown> ([next]/internal/font/google/inter_1ec0685a.module.css:115:8)
    at <unknown> (https://nextjs.org/docs/messages/module-not-found)
    at <unknown> ([next]/internal/font/google/inter_1ec0685a.module.css:124:8)
    at <unknown> (https://nextjs.org/docs/messages/module-not-found)
    at <unknown> ([next]/internal/font/google/inter_1ec0685a.module.css:133:8)
    at <unknown> (https://nextjs.org/docs/messages/module-not-found)
    at <unknown> ([next]/internal/font/google/inter_1ec0685a.module.css:142:8)
    at <unknown> (https://nextjs.org/docs/messages/module-not-found)
    at <unknown> ([next]/internal/font/google/inter_1ec0685a.module.css:151:8)
    at <unknown> (https://nextjs.org/docs/messages/module-not-found)
    at <unknown> ([next]/internal/font/google/inter_1ec0685a.module.css:160:8)
    at <unknown> (https://nextjs.org/docs/messages/module-not-found)
    at <unknown> ([next]/internal/font/google/inter_1ec0685a.module.css:169:8)
    at <unknown> (https://nextjs.org/docs/messages/module-not-found)
    at <unknown> ([next]/internal/font/google/inter_1ec0685a.module.css:178:8)
    at <unknown> (https://nextjs.org/docs/messages/module-not-found)
    at <unknown> ([next]/internal/font/google/inter_1ec0685a.module.css:187:8)
    at <unknown> (https://nextjs.org/docs/messages/module-not-found)
    at <unknown> ([next]/internal/font/google/inter_1ec0685a.module.css:196:8)
    at <unknown> (https://nextjs.org/docs/messages/module-not-found)
    at <unknown> ([next]/internal/font/google/inter_1ec0685a.module.css:205:8)
    at <unknown> (https://nextjs.org/docs/messages/module-not-found)
    at <unknown> ([next]/internal/font/google/inter_1ec0685a.module.css:214:8)
    at <unknown> (https://nextjs.org/docs/messages/module-not-found)
    at <unknown> ([next]/internal/font/google/inter_1ec0685a.module.css:223:8)
    at <unknown> (https://nextjs.org/docs/messages/module-not-found)
    at <unknown> ([next]/internal/font/google/inter_1ec0685a.module.css:232:8)
    at <unknown> (https://nextjs.org/docs/messages/module-not-found)
    at <unknown> ([next]/internal/font/google/inter_1ec0685a.module.css:241:8)
    at <unknown> (https://nextjs.org/docs/messages/module-not-found)
    at <unknown> ([next]/internal/font/google/inter_1ec0685a.module.css:250:8)
    at <unknown> (https://nextjs.org/docs/messages/module-not-found)
